`torch_dtype` is deprecated! Use `dtype` instead!
Exception in thread Thread-2 (_readerthread):
Traceback (most recent call last):
  File "C:\Users\jiojio\AppData\Local\Programs\Python\Python310\lib\threading.py", line 1016, in _bootstrap_inner
    self.run()
  File "C:\Users\jiojio\AppData\Local\Programs\Python\Python310\lib\threading.py", line 953, in run
    self._target(*self._args, **self._kwargs)
  File "C:\Users\jiojio\AppData\Local\Programs\Python\Python310\lib\subprocess.py", line 1515, in _readerthread
    buffer.append(fh.read())
  File "C:\Users\jiojio\AppData\Local\Programs\Python\Python310\lib\codecs.py", line 322, in decode
    (result, consumed) = self._buffer_decode(data, self.errors, final)
UnicodeDecodeError: 'utf-8' codec can't decode byte 0xb2 in position 7: invalid start byte
Loading checkpoint shards:   0%|          | 0/3 [00:00<?, ?it/s]Loading checkpoint shards:  33%|███▎      | 1/3 [00:01<00:03,  1.96s/it]Loading checkpoint shards:  67%|██████▋   | 2/3 [00:03<00:02,  2.00s/it]Loading checkpoint shards: 100%|██████████| 3/3 [00:04<00:00,  1.35s/it]
The tokenizer has new PAD/BOS/EOS tokens that differ from the model config and generation config. The model config and generation config were aligned accordingly, being updated with the tokenizer's values. Updated tokens: {'bos_token_id': None, 'pad_token_id': 151645}.
  0%|          | 0/1 [00:00<?, ?it/s]100%|██████████| 1/1 [00:39<00:00, 39.02s/it]                                             {'loss': 0.9604, 'grad_norm': 8.977279663085938, 'learning_rate': 0.0001, 'epoch': 1.0}
100%|██████████| 1/1 [00:39<00:00, 39.02s/it]                                             {'train_runtime': 39.6142, 'train_samples_per_second': 0.202, 'train_steps_per_second': 0.025, 'train_loss': 0.9604457020759583, 'epoch': 1.0}
100%|██████████| 1/1 [00:39<00:00, 39.02s/it]100%|██████████| 1/1 [00:39<00:00, 39.61s/it]
{
  "status": "completed",
  "stage": "sft",
  "smoke_only": true,
  "resumed_from_step": 0,
  "new_optimizer_steps": 1,
  "global_step": 1,
  "metrics": {
    "train_runtime": 39.6142,
    "train_samples_per_second": 0.202,
    "train_steps_per_second": 0.025,
    "total_flos": 739896974791680.0,
    "train_loss": 0.9604457020759583,
    "epoch": 1.0
  },
  "elapsed_seconds": 52.17753839492798,
  "max_gpu_memory_bytes": 6611625472,
  "adapter_hash": "3e5cdb0d3bcc1595125ec6f43f7aa7e14ac70c5722d730736d77a361a1f7fd93",
  "run_hash": "ece1a0efce3045b7003e53c86e746550a461a29d2c94f78d2092fbef7582b2c7",
  "adapter_updated": true
}
