`torch_dtype` is deprecated! Use `dtype` instead!
Loading checkpoint shards:   0%|          | 0/3 [00:00<?, ?it/s]Loading checkpoint shards:  33%|¨€¨€¨€¨†      | 1/3 [00:02<00:04,  2.01s/it]Loading checkpoint shards:  67%|¨€¨€¨€¨€¨€¨€¨ƒ   | 2/3 [00:03<00:01,  1.95s/it]Loading checkpoint shards: 100%|¨€¨€¨€¨€¨€¨€¨€¨€¨€¨€| 3/3 [00:03<00:00,  1.32s/it]
The tokenizer has new PAD/BOS/EOS tokens that differ from the model config and generation config. The model config and generation config were aligned accordingly, being updated with the tokenizer's values. Updated tokens: {'bos_token_id': None, 'pad_token_id': 151645}.
  0%|          | 0/1 [00:00<?, ?it/s]100%|¨€¨€¨€¨€¨€¨€¨€¨€¨€¨€| 1/1 [18:17<00:00, 1097.22s/it]                                               {'loss': 0.9603, 'grad_norm': 8.96408462524414, 'learning_rate': 0.0001, 'epoch': 1.0}
100%|¨€¨€¨€¨€¨€¨€¨€¨€¨€¨€| 1/1 [18:17<00:00, 1097.22s/it]                                               {'train_runtime': 1097.6253, 'train_samples_per_second': 0.007, 'train_steps_per_second': 0.001, 'train_loss': 0.9603036046028137, 'epoch': 1.0}
100%|¨€¨€¨€¨€¨€¨€¨€¨€¨€¨€| 1/1 [18:17<00:00, 1097.22s/it]100%|¨€¨€¨€¨€¨€¨€¨€¨€¨€¨€| 1/1 [18:17<00:00, 1097.62s/it]
{
  "status": "completed",
  "stage": "sft",
  "smoke_only": true,
  "global_step": 1,
  "metrics": {
    "train_runtime": 1097.6253,
    "train_samples_per_second": 0.007,
    "train_steps_per_second": 0.001,
    "total_flos": 739896974791680.0,
    "train_loss": 0.9603036046028137,
    "epoch": 1.0
  },
  "elapsed_seconds": 1109.9455981254578,
  "max_gpu_memory_bytes": 15386816000,
  "adapter_hash": "e20aca465dc7c6f2c182951bbe057bcdb845818838d29d12bfc50ea8c98a4663",
  "run_hash": "a9e3035e6c232df8158fa90577ef75206fd98587e0b610b91875a0963ca817c1",
  "adapter_updated": true
}
